../Core/Src/main.c:132:5:main	8	static
../Core/Src/main.c:234:6:SystemClock_Config	96	static
../Core/Src/main.c:285:13:MX_I2C1_Init	8	static
../Core/Src/main.c:333:13:MX_RTC_Init	80	static
../Core/Src/main.c:430:13:MX_USART2_UART_Init	8	static
../Core/Src/main.c:465:13:MX_GPIO_Init	48	static
../Core/Src/main.c:510:6:start_default_task	16	static
../Core/Src/main.c:528:6:start_wright_to_display_task	136	static
../Core/Src/main.c:580:6:start_read_heart_rate_task	16	static
../Core/Src/main.c:598:6:start_read_acceloromater_task	16	static
../Core/Src/main.c:618:6:start_date_and_time_task	16	static
../Core/Src/main.c:639:6:HAL_TIM_PeriodElapsedCallback	16	static
../Core/Src/main.c:656:6:Error_Handler	4	static,ignoring_inline_asm
